---
layout: post
title: Vagrant(Virtualbox) 上の openSUSE のディスク領域を増やしたい
date: 2017-03-23 06:25:06
categories: linux vagrant virtualbox
---
<!-- {% raw %} -->
<p>Vagrant(Virtualbox) で openSUSE Leap 42.1 を使用しています。<br>
使用 box は公式?の opensuse/openSUSE-42.1-x86_64 です。</p>

<p>上記 box は既定の容量が 20GB で、足りないという問題があります。</p>

<p>私が一番やりたいことは、linked_clone した VM の <strong>/ にマウントされた<br>
領域 (/dev/sda2, Type: Linux) を倍の 39GB にしたい</strong>、ということです。</p>

<p>しかし、linked_clone を使った際の ディスク領域の増やし方が判らず、<br>
妥協して linked_clone は断念して下記のように領域を増やしました。</p>

<ol>
<li>vmdk を作成するため vb.linked_clone を無効化</li>
<li>vmdk を vdi に変換して拡張 → vmdk に戻して VM に再割り当て</li>
</ol>

<p>この段階での <code>sudo /sbin/fdisk -l /dev/sda</code> の結果は下記の通りです。</p>

<pre><code>Disk /dev/sda: 40 GiB, 42949672960 bytes, 83886080 sectors
Units: sectors of 1 * 512 = 512 bytes
Sector size (logical/physical): 512 bytes / 512 bytes
I/O size (minimum/optimal): 512 bytes / 512 bytes
Disklabel type: dos
Disk identifier: 0x0009cc92

Device     Boot   Start      End  Sectors  Size Id Type
/dev/sda1          2048  3051519  3049472  1.5G 82 Linux swap / Solaris
/dev/sda2  *    3051520 41943039 38891520 18.6G 83 Linux
</code></pre>

<p><code>df -h</code> の結果は下記の通りです。</p>

<pre><code>Filesystem      Size  Used Avail Use% Mounted on
devtmpfs        616M     0  616M   0% /dev
tmpfs           623M     0  623M   0% /dev/shm
tmpfs           623M  1.6M  622M   1% /run
tmpfs           623M     0  623M   0% /sys/fs/cgroup
/dev/sda2        19G  2.8G   16G  15% /
/dev/sda2        19G  2.8G   16G  15% /.snapshots
none            917G  564G  353G  62% /vagrant
</code></pre>

<p>/dev/sda2 の容量が 19GB しかないので、空き領域である 20GB を使って<br>
/dev/sda2 の容量を最大に増やしたいですが、<br>
ここから先がどういうコマンドを使うか全くわからず、困っています。<br>
(調べてみたのですが、論理ボリュームの話が出てきて詰まってしまい、<br>
上記の状態からどのようにすればよいかわかりません)</p>

<p>この工程は Vagrant + ansible_local で完全自動化する必要があるので、<br>
コマンドだけで完結できれば望ましいです。</p>

<p>わかる方どうかご教示お願いします。</p>
<!-- {% endraw %} -->
